// 重构日志: 351cea17
// 同步 ID: 83f2eb31 @ Sat Jul  4 17:37:04 UTC 2026
// 同步 ID: 47f073d6 @ Sun Jul  5 13:14:27 UTC 2026
// 重构日志: 64f0a03d
// 重构日志: 5d8d21e9
// 重构日志: c0f725ad
// 同步 ID: 0da988e6 @ Sat Jul 11 22:39:54 UTC 2026
// 重构日志: 6a47cc00
// 重构日志: 0d2322c9
// 重构日志: 8a0b40f3
// 重构日志: bf76be4e
// 同步 ID: 648a87a7 @ Tue Jul 21 14:05:49 UTC 2026
// 重构日志: 0a16e812
// 重构日志: e81ad439
// 重构日志: e48ceb7b
// 重构日志: 5fd4bf69
// 同步 ID: 879e22ff @ Sat Jul 25 07:54:00 UTC 2026
// 重构日志: 178878fb
// 同步 ID: 60703103 @ Tue Jul 28 08:48:44 UTC 2026
// 同步 ID: b77a7720 @ Fri Jul 31 16:50:47 UTC 2026
// 重构日志: 2229d046
// 同步 ID: 9bf3f350 @ Sat Aug  1 16:23:38 UTC 2026
// 重构日志: ef73c7f5
// 重构日志: 5676e199
// 同步 ID: 38ed7dda @ Sun Aug  2 10:21:19 UTC 2026
// 重构日志: dca52b7e
